Copyright 1986-2019 Xilinx, Inc. All Rights Reserved.
-------------------------------------------------------------------------------------------------------------------------------
| Tool Version     : Vivado v.2019.2 (win64) Build 2708876 Wed Nov  6 21:40:23 MST 2019
| Date             : Sun Jun  7 12:08:16 2026
| Host             : Matrix running 64-bit major release  (build 9200)
| Command          : report_power -file TOP_power_routed.rpt -pb TOP_power_summary_routed.pb -rpx TOP_power_routed.rpx
| Design           : TOP
| Device           : xc7a35tcsg324-1
| Design State     : routed
| Grade            : commercial
| Process          : typical
| Characterization : Production
-------------------------------------------------------------------------------------------------------------------------------

Power Report

Table of Contents
-----------------
1. Summary
1.1 On-Chip Components
1.2 Power Supply Summary
1.3 Confidence Level
2. Settings
2.1 Environment
2.2 Clock Constraints
3. Detailed Reports
3.1 By Hierarchy

1. Summary
----------

+--------------------------+----------------------------------+
| Total On-Chip Power (W)  | 77.277 (Junction temp exceeded!) |
| Design Power Budget (W)  | Unspecified*                     |
| Power Budget Margin (W)  | NA                               |
| Dynamic (W)              | 76.791                           |
| Device Static (W)        | 0.486                            |
| Effective TJA (C/W)      | 4.8                              |
| Max Ambient (C)          | 0.0                              |
| Junction Temperature (C) | 125.0                            |
| Confidence Level         | Low                              |
| Setting File             | ---                              |
| Simulation Activity File | ---                              |
| Design Nets Matched      | NA                               |
+--------------------------+----------------------------------+
* Specify Design Power Budget using, set_operating_conditions -design_power_budget <value in Watts>


1.1 On-Chip Components
----------------------

+--------------------------+-----------+----------+-----------+-----------------+
| On-Chip                  | Power (W) | Used     | Available | Utilization (%) |
+--------------------------+-----------+----------+-----------+-----------------+
| Slice Logic              |    26.616 |     6377 |       --- |             --- |
|   LUT as Logic           |    22.338 |     3013 |     20800 |           14.49 |
|   CARRY4                 |     2.729 |      528 |      8150 |            6.48 |
|   LUT as Distributed RAM |     1.026 |      560 |      9600 |            5.83 |
|   Register               |     0.367 |     1393 |     41600 |            3.35 |
|   F7/F8 Muxes            |     0.148 |      413 |     32600 |            1.27 |
|   BUFG                   |     0.008 |        2 |        32 |            6.25 |
|   Others                 |     0.000 |       63 |       --- |             --- |
| Signals                  |    30.380 |     4724 |       --- |             --- |
| DSPs                     |     0.455 |        3 |        90 |            3.33 |
| I/O                      |    19.339 |       26 |       210 |           12.38 |
| Static Power             |     0.486 |          |           |                 |
| Total                    |    77.277 |          |           |                 |
+--------------------------+-----------+----------+-----------+-----------------+


1.2 Power Supply Summary
------------------------

+-----------+-------------+-----------+-------------+------------+
| Source    | Voltage (V) | Total (A) | Dynamic (A) | Static (A) |
+-----------+-------------+-----------+-------------+------------+
| Vccint    |       1.000 |    57.797 |      57.456 |      0.341 |
| Vccaux    |       1.800 |     0.762 |       0.709 |      0.053 |
| Vcco33    |       3.300 |     5.474 |       5.473 |      0.001 |
| Vcco25    |       2.500 |     0.000 |       0.000 |      0.000 |
| Vcco18    |       1.800 |     0.000 |       0.000 |      0.000 |
| Vcco15    |       1.500 |     0.000 |       0.000 |      0.000 |
| Vcco135   |       1.350 |     0.000 |       0.000 |      0.000 |
| Vcco12    |       1.200 |     0.000 |       0.000 |      0.000 |
| Vccaux_io |       1.800 |     0.000 |       0.000 |      0.000 |
| Vccbram   |       1.000 |     0.010 |       0.000 |      0.010 |
| MGTAVcc   |       1.000 |     0.000 |       0.000 |      0.000 |
| MGTAVtt   |       1.200 |     0.000 |       0.000 |      0.000 |
| Vccadc    |       1.800 |     0.020 |       0.000 |      0.020 |
+-----------+-------------+-----------+-------------+------------+


1.3 Confidence Level
--------------------

+-----------------------------+------------+--------------------------------------------------------+--------------------------------------------------------------------------------------------------------------------+
| User Input Data             | Confidence | Details                                                | Action                                                                                                             |
+-----------------------------+------------+--------------------------------------------------------+--------------------------------------------------------------------------------------------------------------------+
| Design implementation state | High       | Design is routed                                       |                                                                                                                    |
| Clock nodes activity        | Low        | User specified less than 75% of clocks                 | Provide missing clock activity with a constraint file, simulation results or by editing the "By Clock Domain" view |
| I/O nodes activity          | Low        | More than 75% of inputs are missing user specification | Provide missing input activity with simulation results or by editing the "By Resource Type -> I/Os" view           |
| Internal nodes activity     | Medium     | User specified less than 25% of internal nodes         | Provide missing internal nodes activity with simulation results or by editing the "By Resource Type" views         |
| Device models               | High       | Device models are Production                           |                                                                                                                    |
|                             |            |                                                        |                                                                                                                    |
| Overall confidence level    | Low        |                                                        |                                                                                                                    |
+-----------------------------+------------+--------------------------------------------------------+--------------------------------------------------------------------------------------------------------------------+


2. Settings
-----------

2.1 Environment
---------------

+-----------------------+--------------------------+
| Ambient Temp (C)      | 25.0                     |
| ThetaJA (C/W)         | 4.8                      |
| Airflow (LFM)         | 250                      |
| Heat Sink             | medium (Medium Profile)  |
| ThetaSA (C/W)         | 4.6                      |
| Board Selection       | medium (10"x10")         |
| # of Board Layers     | 12to15 (12 to 15 Layers) |
| Board Temperature (C) | 25.0                     |
+-----------------------+--------------------------+


2.2 Clock Constraints
---------------------

+-------+--------+-----------------+
| Clock | Domain | Constraint (ns) |
+-------+--------+-----------------+


3. Detailed Reports
-------------------

3.1 By Hierarchy
----------------

+----------------------------+-----------+
| Name                       | Power (W) |
+----------------------------+-----------+
| TOP                        |    76.791 |
|   clk_0                    |     0.158 |
|   cpu_0                    |    57.166 |
|     ALU_0                  |    24.190 |
|     BTB_0                  |     7.219 |
|       Line_0               |     2.063 |
|       Line_1               |     0.334 |
|       Line_2               |     1.046 |
|       Line_3               |     0.458 |
|       Line_4               |     0.354 |
|       Line_5               |     0.393 |
|       Line_6               |     2.189 |
|       Line_7               |     0.366 |
|       PredictJump_0        |     0.005 |
|       PredictJump_1        |     0.003 |
|       PredictJump_2        |     0.001 |
|       PredictJump_3        |     0.001 |
|       PredictJump_4        |     0.001 |
|       PredictJump_5        |     0.002 |
|       PredictJump_7        |     0.002 |
|     EXMEM_0                |     4.719 |
|       ALU_Result           |     4.451 |
|       PC                   |     0.086 |
|       RegWrite             |     0.007 |
|       Rt                   |     0.131 |
|       WA                   |     0.043 |
|     IDEX_0                 |    12.460 |
|       A                    |     0.113 |
|       ALU_OP               |     1.772 |
|       ALU_SRC              |     0.135 |
|       B                    |     0.032 |
|       BEQ                  |     0.002 |
|       BranchAddr           |     0.318 |
|       Imm                  |     3.740 |
|       JumpAddr             |     0.033 |
|       PC                   |     1.687 |
|       PredictJump          |     0.188 |
|       R1Select             |     3.339 |
|       R2Select             |     0.669 |
|       RegWrite             |     0.018 |
|       WA                   |     0.334 |
|       jmp                  |     0.024 |
|       jr                   |     0.055 |
|     IFID_0                 |     1.378 |
|       IR                   |     0.857 |
|       PC                   |     0.202 |
|       PC4                  |     0.319 |
|     LED                    |     0.314 |
|     MEMWB_0                |     1.197 |
|       ALU_Result           |     0.747 |
|       JAL                  |     0.001 |
|       PC                   |     0.123 |
|       RS                   |     0.111 |
|       RegWrite             |     0.051 |
|       WA                   |     0.158 |
|       halt                 |     0.006 |
|     PC                     |     2.172 |
|     RegFile_0              |     0.349 |
|       rs_reg_r1_0_31_0_5   |     0.018 |
|       rs_reg_r1_0_31_12_17 |     0.020 |
|       rs_reg_r1_0_31_18_23 |     0.021 |
|       rs_reg_r1_0_31_24_29 |     0.019 |
|       rs_reg_r1_0_31_30_31 |     0.007 |
|       rs_reg_r1_0_31_6_11  |     0.021 |
|       rs_reg_r2_0_31_0_5   |     0.021 |
|       rs_reg_r2_0_31_12_17 |     0.023 |
|       rs_reg_r2_0_31_18_23 |     0.020 |
|       rs_reg_r2_0_31_24_29 |     0.019 |
|       rs_reg_r2_0_31_30_31 |     0.007 |
|       rs_reg_r2_0_31_6_11  |     0.021 |
|     ram                    |     1.389 |
|       dram                 |     1.389 |
|     rom                    |     1.232 |
|       rom                  |     1.131 |
|   dis_0                    |     0.075 |
+----------------------------+-----------+


